[web/html/index.html]
[backblue.gif]
[fade.gif]
[index.html]
[web/images/favicon.png]
[web/images/apple-touch-icon.png]
[web/images/cleardot.gif]
[web/images/trog_edit__en.js]
[web/html/home.html]
[web/images/customlogo010f.png]
[web/html/page0.html]
[web/html/communities.html]
[web/html/documentation.html]
[web/html/animations.html]
[web/html/hierarchy.html]
[web/html/mm_text_microcode.html]
[web/html/oot_code_file.html]
[web/html/oot_text_microcode.html]
[web/html/oot_zobj_list.html]
[web/html/oot_debug_scene_listing.html]
[web/html/scenes_and_rooms.html]
[web/html/downloads.html]
[web/html/miscellaneous-notes.html]
[web/html/projects.html]
[web/html/sacred-armor.html]
[web/html/tools.html]
[web/html/hylian_toolbox.html]
[web/html/map_porter.html]
[web/html/scroll_of_majora.html]
[web/html/scroll-of-majora.html]
[web/html/scroll_of_time.html]
[web/html/utility_of_time.html]
[web/html/zelda_resource_extractor.html]
[web/images/jot_min_view__en.js]
[web/html/recentchanges.html]
[web/images/tz.26.delayed]
[web/html/index.html]
[web/images/codemirror_css.css]
[web/images/bubble2_tr.gif]
[web/images/trogedit.css]
[web/images/toolbar-check.gif]
[web/images/icon-help-kennedy.png]
[web/images/icon_plusone.2a.delayed]
[web/images/plusbadge.2b.delayed]
[web/images/gplus-64.png]
[web/images/gplus-32.png]
[web/images/gplus-16.png]
[web/images/editor.css]
[web/images/codeeditor.css]
[web/html/home.html]
[web/images/checkmark-partial.png]
[web/images/standard-css-ski-ltr-ltr.css]
[web/images/overlay6492.css]
[web/images/camelot.png]
[web/images/allthemes-view.css]
[web/html/page0.html]
[web/html/communities.html]
[web/html/documentation.html]
[web/html/animations.html]
[web/html/hierarchy.html]
[web/html/mm_text_microcode.html]
[web/html/oot_code_file.html]
[web/html/oot_text_microcode.html]
[web/html/oot_zobj_list.html]
[web/html/oot_debug_scene_listing.html]
[web/html/object_link_boy.html]
[web/images/debug_rom__ram_map.32.delayed]
[web/images/zelda_64__collision_format.33.delayed]
[web/images/debug_rom__exit_list_(alternate).34.delayed]
[web/images/zelda_64__oot_skyboxes.35.delayed]
[web/images/zelda_64__oot_music_values.36.delayed]
[web/images/cutscenes.37.delayed]
[web/images/code.38.delayed]
[web/images/on_entrance_cutscenes.39.delayed]
[web/images/zelda_64_filesystem.3a.delayed]
[web/images/zelda_64__jfif_backgrounds.3b.delayed]
[web/images/debug_rom__object_list.3c.delayed]
[web/images/sayakagl.3d.delayed]
[web/images/kpvs4.png]
[web/images/actor_list.40.delayed]
[web/images/user_spinout.41.delayed]
[web/html/scenes_and_rooms.html]
[web/images/hylian toolbox.tar.439a1b.delayed]
[web/images/mm to oot map porter.449a1b.delayed]
[web/images/scroll of majora.459a1b.delayed]
[web/images/scroll of time.469a1b.delayed]
[web/images/jot_min_filecabinet_view__en.js]
[web/html/downloads.html]
[web/html/miscellaneous-notes.html]
[web/html/projects.html]
[web/images/24021.png]
[web/images/62179.png]
[web/html/sacred-armor.html]
[web/html/tools.html]
[web/html/hylian_toolbox.html]
[web/images/mqdefault-2.jpg]
[web/html/map_porter.html]
[web/html/scroll_of_majora.html]
[web/html/scroll-of-majora.html]
[web/html/scroll_of_time.html]
[web/images/hqdefault.jpg]
[web/html/utility_of_time.html]
[web/images/gzre.566fb5.delayed]
[web/images/gzre.574224.delayed]
[web/images/gzre4224.png]
[web/images/gzre.png]
[web/html/zelda_resource_extractor.html]
[web/images/activity.xml]
[web/html/system.html]
[web/html/app.html]
[web/html/pages.html]
[web/images/jstree.min.5e6fb5.delayed]
[web/images/jstree.min.5f89fc.delayed]
[web/images/scroll of time.616fb5.delayed]
[web/images/scroll of majora.626fb5.delayed]
[web/images/mm to oot map porter.636fb5.delayed]
[web/images/hylian toolbox.tar.646fb5.delayed]
[web/html/recentchanges.html]
[web/html/tz.html]
[web/html/icon_plusone.html]
[web/html/plusbadge.html]
[web/html/object_link_boy.html]
[web/html/debug_rom__ram_map.html]
[web/html/zelda_64__collision_format.html]
[web/html/debug_rom__exit_list_(alternate).html]
[web/html/zelda_64__oot_skyboxes.html]
[web/html/zelda_64__oot_music_values.html]
[web/html/cutscenes.html]
[web/html/code.html]
[web/html/on_entrance_cutscenes.html]
[web/html/zelda_64_filesystem.html]
[web/html/zelda_64__jfif_backgrounds.html]
[web/html/debug_rom__object_list.html]
[web/html/sayakagl.html]
[web/html/actor_list.html]
[web/html/user_spinout.html]
[web/images/icon-folder.gif]
[web/html/recentchanges4c30.html]
[web/images/icon-trash.gif]
[web/images/icon_new.gif]
[web/images/icon_sprites.gif]
[web/images/tree_ltr.gif]
[web/images/filecabinet.css]
[web/images/mqdefault.jpg]
[web/html/scroll_of_majora-2.html]
[web/html/book_red_new.html]
[web/html/scroll_of_time-2.html]
[web/html/system.html]
[web/html/app.html]
[web/html/pages.html]
[web/images/jstree.min89fc.js]
[web/html/recentchangese164.html]
[web/html/recentchanges4c30.html]
[web/html/recentchangesf13c.html]
[web/html/recentchangese164.html]
[web/html/recentchangesf13c.html]
[web/html/recentchanges79ee.html]
[web/images/favicon.726fb5.delayed]
[web/html/recentchanges79ee.html]
[web/html/recentchanges1206.html]
[web/html/recentchanges1206.html]
[web/html/recentchanges0e37.html]
[web/html/recentchanges0e37.html]
