[backblue.gif]
[fade.gif]
[index.html]
[index-2.html]
[_/rsrc/1468858918403/favicon.png]
[sites/p/5182f1/system/app/images/apple-touch-icon.png]
[sites/p/5182f1/system/app/images/cleardot.gif]
[sites/p/5182f1/system/app/css/codemirror_css.css]
[editor/bubble2_tr.gif]
[sites/p/5182f1/system/app/css/trogedit.css]
[_/rsrc/1623683323000/system/app/images/toolbar-check.gif]
[_/rsrc/1623683323000/system/app/images/icon-help-kennedy.png]
[_/rsrc/1468858918747/config/customLogo010f.png]
[sites/p/5182f1/system/js/jot_min_view__en.js]
[site/sites/system/app/images/icon_plusone.6.delayed]
[site/sites/system/app/images/plusbadge.7.delayed]
[images/icons/gplus-64.png]
[images/icons/gplus-32.png]
[images/icons/gplus-16.png]
[_/rsrc/1623683323000/system/app/css/editor.css]
[sites/p/5182f1/system/app/css/codeeditor.css]
[home.html]
[ui/v1/menu/checkmark-partial.png]
[sites/p/5182f1/system/app/themes/ski/standard-css-ski-ltr-ltr.css]
[_/rsrc/1623683323000/system/app/css/overlay6492.css]
[_/rsrc/1623683323000/system/app/images/camelot.png]
[_/rsrc/1623683323000/system/app/css/camelot/allthemes-view.css]
[home/page0.html]
[Communities.html]
[Documentation.html]
[Documentation/Animations.html]
[Documentation/Hierarchy.html]
[Documentation/MM_Text_Microcode.html]
[Documentation/OoT_Code_File.html]
[Documentation/OoT_Text_Microcode.html]
[Documentation/OoT_ZOBJ_List.html]
[Documentation/OoT_Debug_Scene_Listing.html]
[Documentation/OoT_ZOBJ_List/object_link_boy.html]
[w/Debug_ROM__RAM_Map.e.delayed]
[w/Zelda_64__Collision_Format.f.delayed]
[w/Debug_ROM__Exit_List_(alternate).10.delayed]
[w/Zelda_64__OoT_Skyboxes.11.delayed]
[w/Zelda_64__OoT_Music_Values.12.delayed]
[w/Cutscenes.13.delayed]
[w/Code.14.delayed]
[w/On_Entrance_Cutscenes.15.delayed]
[w/Zelda_64_Filesystem.16.delayed]
[w/Zelda_64__JFIF_Backgrounds.17.delayed]
[w/Debug_ROM__Object_List.18.delayed]
[w/SayakaGL.19.delayed]
[KPvs4.png]
[w/Actor_List.1c.delayed]
[w/User_Spinout.1d.delayed]
[Documentation/Scenes_and_Rooms.html]
[downloads/Hylian Toolbox.tar.1f9a1b.delayed]
[downloads/MM to OoT Map Porter.209a1b.delayed]
[downloads/Scroll of Majora.219a1b.delayed]
[downloads/Scroll of Time.229a1b.delayed]
[sites/p/5182f1/system/js/jot_min_filecabinet_view__en.js]
[downloads.html]
[miscellaneous-notes.html]
[Projects.html]
[popularity/medium/mods/24021.png]
[download/medium/62179.png]
[Projects/Sacred-Armor.html]
[Tools.html]
[Tools/Hylian_Toolbox.html]
[vi/COlbh67uxtw/mqdefault.jpg]
[Tools/Map_Porter.html]
[Tools/Scroll_of_Majora.html]
[Tools/scroll-of-majora.html]
[Tools/Scroll_of_Time.html]
[vi/h_2-Lsqi7z0/hqdefault.jpg]
[Tools/Utility_of_Time.html]
[Tools/Zelda_Resource_Extractor/gZRE.326fb5.delayed]
[site/macowiki/Tools/Zelda_Resource_Extractor/gZRE.33a3c2.delayed]
[site/macowiki/Tools/Zelda_Resource_Extractor/gZREa3c2.png]
[_/rsrc/1468858918520/Tools/Zelda_Resource_Extractor/gZRE.png]
[Tools/Zelda_Resource_Extractor.html]
[activity.xml]
[system.html]
[system/app.html]
[system/app/pages.html]
[jstree.min.3a6fb5.delayed]
[site/macowiki/jstree.min.3bd332.delayed]
[downloads/Scroll of Time.3d6fb5.delayed]
[downloads/Scroll of Majora.3e6fb5.delayed]
[downloads/MM to OoT Map Porter.3f6fb5.delayed]
[downloads/Hylian Toolbox.tar.406fb5.delayed]
[system/app/pages/recentChanges.html]
[_/tz.html]
[site/sites/system/app/images/icon_plusone.html]
[site/sites/system/app/images/plusbadge.html]
[Documentation/OoT_ZOBJ_List/object_link_boy.html]
[w/Debug_ROM__RAM_Map.html]
[w/Zelda_64__Collision_Format.html]
[w/Debug_ROM__Exit_List_(alternate).html]
[w/Zelda_64__OoT_Skyboxes.html]
[w/Zelda_64__OoT_Music_Values.html]
[w/Cutscenes.html]
[w/Code.html]
[w/On_Entrance_Cutscenes.html]
[w/Zelda_64_Filesystem.html]
[w/Zelda_64__JFIF_Backgrounds.html]
[w/Debug_ROM__Object_List.html]
[w/SayakaGL.html]
[w/Actor_List.html]
[w/User_Spinout.html]
[sites/p/5182f1/system/app/pagetypes/filecabinet/icon-folder.gif]
[system/app/pages/recentChanges4c30.html]
[sites/p/5182f1/system/app/pagetypes/filecabinet/icon-trash.gif]
[sites/p/5182f1/system/app/images/icon_new.gif]
[sites/p/5182f1/system/app/images/icon_sprites.gif]
[sites/p/5182f1/system/app/pagetypes/filecabinet/filecabinet.css]
[sites/p/5182f1/system/app/images/tree_ltr.gif]
[vi/CNTd1p7l_Uc/mqdefault.jpg]
[albums/oo89/Flotonic/Programs/Scroll of Time/Scroll_of_Majora.html]
[albums/oo89/Flotonic/Maco/Book_Red_New.html]
[albums/oo89/Flotonic/Programs/Scroll of Time/Scroll_of_Time.html]
[system.html]
[system/app.html]
[system/app/pages.html]
[site/macowiki/jstree.mind332.js]
[system/app/pages/recentChanges4c30.html]
[sites/p/5182f1/system/js/trog_edit__en.js]
[system/app/pages/recentChangesf13c.html]
[system/app/pages/recentChangese164.html]
[system/app/pages/recentChangese164.html]
[system/app/pages/recentChangesf13c.html]
[system/app/pages/recentChanges79ee.html]
[favicon.4a6fb5.delayed]
[system/app/pages/recentChanges79ee.html]
[system/app/pages/recentChanges1206.html]
[system/app/pages/recentChanges1206.html]
[system/app/pages/recentChanges0e37.html]
[system/app/pages/recentChanges0e37.html]
