[wiki.maco64.com/index.html]
[backblue.gif]
[fade.gif]
[index.html]
[wiki.maco64.com/_/rsrc/1468858918403/favicon.png]
[www.gstatic.com/sites/p/5182f1/system/app/images/apple-touch-icon.png]
[www.gstatic.com/sites/p/5182f1/system/app/images/cleardot.gif]
[www.gstatic.com/sites/p/5182f1/system/js/trog_edit__en.js]
[wiki.maco64.com/home.html]
[wiki.maco64.com/_/rsrc/1468858918747/config/customLogo010f.png]
[wiki.maco64.com/home/page0.html]
[wiki.maco64.com/Communities.html]
[wiki.maco64.com/Documentation.html]
[wiki.maco64.com/Documentation/Animations.html]
[wiki.maco64.com/Documentation/Hierarchy.html]
[wiki.maco64.com/Documentation/MM_Text_Microcode.html]
[wiki.maco64.com/Documentation/OoT_Code_File.html]
[wiki.maco64.com/Documentation/OoT_Text_Microcode.html]
[wiki.maco64.com/Documentation/OoT_ZOBJ_List.html]
[wiki.maco64.com/Documentation/OoT_Debug_Scene_Listing.html]
[wiki.maco64.com/Documentation/Scenes_and_Rooms.html]
[wiki.maco64.com/downloads.html]
[wiki.maco64.com/miscellaneous-notes.html]
[wiki.maco64.com/Projects.html]
[wiki.maco64.com/Projects/Sacred-Armor.html]
[wiki.maco64.com/Tools.html]
[wiki.maco64.com/Tools/Hylian_Toolbox.html]
[wiki.maco64.com/Tools/Map_Porter.html]
[wiki.maco64.com/Tools/Scroll_of_Majora.html]
[wiki.maco64.com/Tools/scroll-of-majora.html]
[wiki.maco64.com/Tools/Scroll_of_Time.html]
[wiki.maco64.com/Tools/Utility_of_Time.html]
[wiki.maco64.com/Tools/Zelda_Resource_Extractor.html]
[www.gstatic.com/sites/p/5182f1/system/js/jot_min_view__en.js]
[wiki.maco64.com/system/app/pages/recentChanges.html]
[wiki.maco64.com/_/tz.26.delayed]
[wiki.maco64.com/index.html]
[www.gstatic.com/sites/p/5182f1/system/app/css/codemirror_css.css]
[www.gstatic.com/sites/p/5182f1/system/js/trog_edit__en.js]
